TinhLinh JAR diagnostic log
status: process-exit-error
label: crash-1s
jar: TinhLinh-Lite-1GB-260x160.jar
started: 2026-10-08T11:42:36.5659418+07:00
ended: 2026-10-08T11:42:56.9474243+07:00
duration_seconds: 20.4
exit_code: -1
root_pid: 11864
child_pids: 16068,13144
max_working_set_mb: 482.9
java_version: java version "23.0.2" 2025-01-21 Java(TM) SE Runtime Environment (build 23.0.2+7-58) Java HotSpot(TM) 64-Bit Server VM (build 23.0.2+7-58, mixed mode, sharing)

[STDOUT]
version game 9
00:00  INFO: Connecting: /103.143.142.246:7502/7503
00:00  INFO: [kryonet] Connection 98448 connected: /103.143.142.246
ver_1/info.txt;ver_2/info.txt;


[STDERR]


[JVM FATAL ERROR FILES]

[WINDOWS APPLICATION EVENTS]
