TinhLinh JAR diagnostic log
status: process-exit-0
label: atlas-fix-check
jar: TinhLinh-Exhaustion-CPU-260x160.jar
started: 2026-10-08T18:49:43.0446571+07:00
ended: 2026-10-08T18:49:48.3664298+07:00
duration_seconds: 5.3
exit_code: 0
root_pid: 18880
child_pids: 18516,18460
max_working_set_mb: 144.3
java_version: java version "23.0.2" 2025-01-21 Java(TM) SE Runtime Environment (build 23.0.2+7-58) Java HotSpot(TM) 64-Bit Server VM (build 23.0.2+7-58, mixed mode, sharing)

[STDOUT]
[FreshExhaustion] WATCHER_STARTED phase=IDLE saved=none
version game 11
C? l?i l? x?y ra!


[STDERR]
com.badlogic.gdx.utils.GdxRuntimeException: java.lang.VerifyError: Expecting a stack map frame
Exception Details:
  Location:
    com/a/b/a/a/GIrlKUn75NEKLiIILilLiLwhAtdOYOuWAntheRehIHIHihAHAHAHohohohEHeHEgiRlkUn75.GirLKun75nEkLlilLiLlILwHATDOYouWaNtherEHIhIHIHAhahAHoHoHoHEheHegiRlkun75(Ljava/lang/String;Ljava/lang/String;Lcom/a/b/a/a/gIRLkUn75NEkLlLillLiLiwhatDOyouWanthERehihihIHAHAhAhOhOHoheHEHEgirLkuN75;)V @83: new
  Reason:
    Expected stackmap frame at this location.
  Bytecode:
    0000000: 2db6 002e 3a04 110f 0c36 0a15 0a11 0f0c
    0000010: 8236 0519 04be 3606 1505 1506 a200 4d2d
    0000020: 2c15 05b6 0031 3a07 1904 1505 2ab4 0027
    0000030: 1907 b600 3553 1904 1505 32c7 0028 1904
    0000040: 1505 2ab4 0027 b601 33b6 0139 c000 0953
    0000050: a700 13bb 0037 5919 072b ba00 4300 00b7
    0000060: 0044 bf84 0501 a7ff b2b1               
  Stackmap Table:
    full_frame(@24,{Object[#3],Object[#70],Object[#70],Object[#43],Object[#72],Integer,Integer,Top,Top,Top,Integer},{})
    full_frame(@99,{Object[#3],Object[#70],Object[#70],Object[#43],Object[#72],Integer,Integer,Object[#70],Top,Top,Integer},{})
    full_frame(@105,{Object[#3],Object[#70],Object[#70],Object[#43],Object[#72],Integer,Integer,Top,Top,Top,Integer},{})

	at com.badlogic.gdx.backends.lwjgl3.Lwjgl3Application.<init>(Unknown Source)
	at com.girlkun.DesktopLauncher.main(Unknown Source)
Caused by: java.lang.VerifyError: Expecting a stack map frame
Exception Details:
  Location:
    com/a/b/a/a/GIrlKUn75NEKLiIILilLiLwhAtdOYOuWAntheRehIHIHihAHAHAHohohohEHeHEgiRlkUn75.GirLKun75nEkLlilLiLlILwHATDOYouWaNtherEHIhIHIHAhahAHoHoHoHEheHegiRlkun75(Ljava/lang/String;Ljava/lang/String;Lcom/a/b/a/a/gIRLkUn75NEkLlLillLiLiwhatDOyouWanthERehihihIHAHAhAhOhOHoheHEHEgirLkuN75;)V @83: new
  Reason:
    Expected stackmap frame at this location.
  Bytecode:
    0000000: 2db6 002e 3a04 110f 0c36 0a15 0a11 0f0c
    0000010: 8236 0519 04be 3606 1505 1506 a200 4d2d
    0000020: 2c15 05b6 0031 3a07 1904 1505 2ab4 0027
    0000030: 1907 b600 3553 1904 1505 32c7 0028 1904
    0000040: 1505 2ab4 0027 b601 33b6 0139 c000 0953
    0000050: a700 13bb 0037 5919 072b ba00 4300 00b7
    0000060: 0044 bf84 0501 a7ff b2b1               
  Stackmap Table:
    full_frame(@24,{Object[#3],Object[#70],Object[#70],Object[#43],Object[#72],Integer,Integer,Top,Top,Top,Integer},{})
    full_frame(@99,{Object[#3],Object[#70],Object[#70],Object[#43],Object[#72],Integer,Integer,Object[#70],Top,Top,Integer},{})
    full_frame(@105,{Object[#3],Object[#70],Object[#70],Object[#43],Object[#72],Integer,Integer,Top,Top,Top,Integer},{})

	at com.a.b.a.GiRlKun75neklIiLliILliWHatdOyOUwANThEREHihiHIHAHAhahoHOhOhEHeHeGiRlkUN75.<init>(Unknown Source)
	at com.a.b.a.GiRLKUN75NEklliilLliIiwhATDOyOUWanTheREhIhIHiHAHahahOHOHOhEhEHeGiRLkuN75.<init>(Unknown Source)
	at com.a.c.g.GIRlkUn75nEkLLllLLLlLlwhATDoyOuWanTHEreHIHihihAHAhahoHOhohEHEhegirlKUN75.GIrlKUn75NEKLiIILilLiLwhAtdOYOuWAntheRehIHIHihAHAHAHohohohEHeHEgiRlkUn75(Unknown Source)
	at com.a.c.f.e.a.b.GIrlKUn75NEKLiIILilLiLwhAtdOYOuWAntheRehIHIHihAHAHAHohohohEHeHEgiRlkUn75.<init>(Unknown Source)
	at com.a.c.f.e.a.b.a.gIrlKuN75NEKIlILIIiLlLWHatDOYouWanthereHihIhiHaHahAhOhoHOhEHEHEGIRLkun75.<init>(Unknown Source)
	at com.a.c.f.e.a.b.GirlkUn75NeKiiILIiiiILwHaTDoYOuwAntHErEHIHIhIHAhAhAHohOhOHeHEHeGiRLkUN75.<init>(Unknown Source)
	at com.a.c.f.a.GIrlKUn75NEKLiIILilLiLwhAtdOYOuWAntheRehIHIHihAHAHAHohohohEHeHEgiRlkUn75.GIrlKUn75NEKLiIILilLiLwhAtdOYOuWAntheRehIHIHihAHAHAHohohohEHeHEgiRlkUn75(Unknown Source)
	at com.a.a.a.c.GIrlKUn75NEKLiIILilLiLwhAtdOYOuWAntheRehIHIHihAHAHAHohohohEHeHEgiRlkUn75.<init>(Unknown Source)
	at com.a.a.a.c.GIrlKUn75NEKLiIILilLiLwhAtdOYOuWAntheRehIHIHihAHAHAHohohohEHeHEgiRlkUn75.<init>(Unknown Source)
	at com.a.c.f.a.GIrlKUn75NEKLiIILilLiLwhAtdOYOuWAntheRehIHIHihAHAHAHohohohEHeHEgiRlkUn75.<init>(Unknown Source)
	at com.a.c.GIRLKUn75NEkLIilIiLLLLwHaTdOyOuWAntHERehiHiHIHAHAhAHohohoheheHegirlkUN75.GIRLkuN75nEkLlLiiLIlLlwhATdoYouwaNtherEHiHiHihaHaHAHOHOHoHehEHeGIrlKun75(Unknown Source)
	at com.a.c.GIRLKUn75NEkLIilIiLLLLwHaTdOyOuWAntHERehiHiHIHAHAhAHohohoheheHegirlkUN75.create(Unknown Source)
	at com.badlogic.gdx.backends.lwjgl3.Lwjgl3Window.initializeListener(Unknown Source)
	at com.badlogic.gdx.backends.lwjgl3.Lwjgl3Window.update(Unknown Source)
	at com.badlogic.gdx.backends.lwjgl3.Lwjgl3Application.loop(Unknown Source)
	... 2 more


[JVM FATAL ERROR FILES]

[WINDOWS APPLICATION EVENTS]
